
There are no discarded input sections

Memory Configuration

Name             Origin             Length             Attributes
*default*        0x0000000000000000 0xffffffffffffffff

Linker script and memory map

                0x0000000000010000                . = 0x10000

.text           0x0000000000010000    0x36256
 *(.text)
 .text          0x0000000000010000       0x2c build/kernel_entry.o
                0x0000000000010000                _start
 *fill*         0x000000000001002c        0x4 
 .text          0x0000000000010030      0x258 build/isr_stubs.o
                0x00000000000100a8                isr0
                0x00000000000100ae                isr1
                0x00000000000100b7                isr2
                0x00000000000100c0                isr3
                0x00000000000100c9                isr4
                0x00000000000100d2                isr5
                0x00000000000100db                isr6
                0x00000000000100e4                isr7
                0x00000000000100ed                isr8
                0x00000000000100f4                isr9
                0x00000000000100fd                isr10
                0x0000000000010104                isr11
                0x000000000001010b                isr12
                0x0000000000010112                isr13
                0x0000000000010119                isr14
                0x0000000000010120                isr15
                0x0000000000010129                isr16
                0x0000000000010132                isr17
                0x0000000000010139                isr18
                0x0000000000010142                isr19
                0x000000000001014b                isr20
                0x0000000000010154                isr21
                0x000000000001015d                isr22
                0x0000000000010166                isr23
                0x000000000001016f                isr24
                0x0000000000010178                isr25
                0x0000000000010181                isr26
                0x000000000001018a                isr27
                0x0000000000010193                isr28
                0x000000000001019c                isr29
                0x00000000000101a5                isr30
                0x00000000000101ac                isr31
                0x00000000000101b5                irq0
                0x00000000000101be                irq1
                0x00000000000101c7                irq2
                0x00000000000101d0                irq3
                0x00000000000101d9                irq4
                0x00000000000101e2                irq5
                0x00000000000101eb                irq6
                0x00000000000101f4                irq7
                0x00000000000101fd                irq8
                0x0000000000010206                irq9
                0x000000000001020f                irq10
                0x0000000000010218                irq11
                0x0000000000010221                irq12
                0x000000000001022a                irq13
                0x0000000000010233                irq14
                0x000000000001023c                irq15
                0x0000000000010245                isr128
 *fill*         0x0000000000010288        0x8 
 .text          0x0000000000010290      0xc94 build/kernel.o
                0x0000000000010290                kernel_main
 *fill*         0x0000000000010f24        0xc 
 .text          0x0000000000010f30      0xafd build/idt.o
                0x0000000000010f30                idt_set_gate
                0x0000000000010f80                idt_init
 *fill*         0x0000000000011a2d        0x3 
 .text          0x0000000000011a30      0x2b3 build/isr.o
                0x0000000000011a30                isr_handler
                0x0000000000011c90                irq_handler
                0x0000000000011cd0                irq_register
 *fill*         0x0000000000011ce3       0x1d 
 .text          0x0000000000011d00      0x76a build/screen.o
                0x0000000000011dd0                screen_clear
                0x0000000000011f50                screen_init
                0x0000000000011f60                screen_set_color
                0x0000000000011f70                set_cursor
                0x0000000000011f80                print_char
                0x0000000000012270                print
                0x00000000000122b0                print_color
                0x0000000000012300                print_line
                0x0000000000012340                print_int
                0x00000000000123f0                print_hex
 *fill*         0x000000000001246a       0x16 
 .text          0x0000000000012480      0x5f3 build/framebuffer.o
                0x0000000000012480                fb_init
                0x00000000000124a0                fb_available
                0x00000000000124b0                fb_probe
                0x00000000000124d0                fb_putpixel
                0x0000000000012510                fb_putchar
                0x0000000000012620                fb_clear
                0x0000000000012680                fb_fill_rect
                0x0000000000012760                fb_draw_rect
                0x0000000000012900                fb_draw_glyph
                0x00000000000129e0                fb_draw_text
                0x0000000000012a30                fb_get_pixel
 *fill*         0x0000000000012a73        0xd 
 .text          0x0000000000012a80       0xd9 build/pic.o
                0x0000000000012a80                pic_init
                0x0000000000012af0                pic_send_eoi
                0x0000000000012b10                pic_mask_irq
                0x0000000000012b40                pic_unmask_irq
 *fill*         0x0000000000012b59        0x7 
 .text          0x0000000000012b60      0x2e7 build/keyboard.o
                0x0000000000012b60                keyboard_handler
                0x0000000000012dc0                keyboard_getchar
                0x0000000000012e00                keyboard_has_input
                0x0000000000012e10                keyboard_init
 *fill*         0x0000000000012e47       0x39 
 .text          0x0000000000012e80     0x85ac build/shell.o
                0x000000000001ae40                shell_init
                0x000000000001ae60                shell_run
 *fill*         0x000000000001b42c       0x14 
 .text          0x000000000001b440      0x447 build/pmm.o
                0x000000000001b550                pmm_init
                0x000000000001b5a0                pmm_apply_memmap
                0x000000000001b780                pmm_alloc_page
                0x000000000001b810                pmm_free_page
                0x000000000001b860                pmm_used_pages
                0x000000000001b870                pmm_free_pages
                0x000000000001b880                pmm_total_pages
 *fill*         0x000000000001b887        0x9 
 .text          0x000000000001b890      0x1d6 build/heap.o
                0x000000000001b890                heap_init
                0x000000000001b8e0                kmalloc
                0x000000000001b970                kfree
                0x000000000001ba00                kmalloc_zero
                0x000000000001ba50                heap_used
                0x000000000001ba60                heap_total
 *fill*         0x000000000001ba66        0xa 
 .text          0x000000000001ba70      0x151 build/timer.o
                0x000000000001ba70                timer_handler
                0x000000000001ba80                timer_init
                0x000000000001bb00                timer_ticks
                0x000000000001bb10                timer_uptime_ms
                0x000000000001bb30                timer_uptime_seconds
                0x000000000001bb50                sleep_ms
 *fill*         0x000000000001bbc1        0xf 
 .text          0x000000000001bbd0      0x1fd build/rtc.o
                0x000000000001bbd0                rtc_read
 *fill*         0x000000000001bdcd       0x13 
 .text          0x000000000001bde0      0x74c build/vfs.o
                0x000000000001bde0                vfs_root
                0x000000000001bdf0                vfs_find
                0x000000000001be90                vfs_create
                0x000000000001bfb0                vfs_remove
                0x000000000001c090                vfs_write
                0x000000000001c1a0                vfs_init
                0x000000000001c250                vfs_read
                0x000000000001c280                vfs_full_path
                0x000000000001c410                vfs_chmod
                0x000000000001c420                vfs_symlink
 *fill*         0x000000000001c52c        0x4 
 .text          0x000000000001c530       0x1b build/switch.o
                0x000000000001c530                context_switch
 *fill*         0x000000000001c54b       0x15 
 .text          0x000000000001c560      0x348 build/task.o
                0x000000000001c560                tasking_init
                0x000000000001c590                task_create
                0x000000000001c720                task_yield
                0x000000000001c7b0                task_exit
                0x000000000001c830                task_run_all
                0x000000000001c890                task_count
                0x000000000001c8a0                task_list_head
 *fill*         0x000000000001c8a8        0x8 
 .text          0x000000000001c8b0      0x1aa build/syscall.o
                0x000000000001c8b0                syscall_init
                0x000000000001c8d0                syscall_dispatch
 *fill*         0x000000000001ca5a        0x6 
 .text          0x000000000001ca60      0x128 build/gdt.o
                0x000000000001ca60                tss_set_rsp0
                0x000000000001ca70                gdt_init
 *fill*         0x000000000001cb88        0x8 
 .text          0x000000000001cb90       0x25 build/gdt_flush.o
                0x000000000001cb90                gdt_flush
                0x000000000001cbae                tss_flush
 *fill*         0x000000000001cbb5        0xb 
 .text          0x000000000001cbc0       0x38 build/usermode.o
                0x000000000001cbc0                enter_user_mode
                0x000000000001cbe4                return_to_kernel
 *fill*         0x000000000001cbf8        0x8 
 .text          0x000000000001cc00       0xdd build/elf.o
                0x000000000001cc00                elf_load
 .text          0x000000000001ccdd        0x0 build/user_init.o
 .text          0x000000000001ccdd        0x0 build/user_hello.o
 *fill*         0x000000000001ccdd        0x3 
 .text          0x000000000001cce0      0x2ab build/pci.o
                0x000000000001cce0                pci_config_read
                0x000000000001cd20                pci_scan
                0x000000000001ceb0                pci_device_count
                0x000000000001cec0                pci_get_device
                0x000000000001cef0                pci_find_network
                0x000000000001cf40                pci_find_class
 *fill*         0x000000000001cf8b       0x15 
 .text          0x000000000001cfa0      0x129 build/net.o
                0x000000000001cfa0                net_init
                0x000000000001d000                net_mac
                0x000000000001d010                net_ip
                0x000000000001d020                net_set_ip
                0x000000000001d040                net_checksum
 *fill*         0x000000000001d0c9       0x17 
 .text          0x000000000001d0e0      0x54f build/arp.o
                0x000000000001d450                arp_cache_lookup
                0x000000000001d4d0                arp_input
                0x000000000001d510                arp_resolve
 *fill*         0x000000000001d62f       0x11 
 .text          0x000000000001d640      0x5e2 build/udp.o
                0x000000000001d640                udp_init
                0x000000000001d680                udp_listen
                0x000000000001d750                udp_unlisten
                0x000000000001d7b0                udp_for_each_listener
                0x000000000001d810                udp_checksum
                0x000000000001da70                udp_send_to
                0x000000000001db00                udp_send_bcast
                0x000000000001db50                udp_input
 *fill*         0x000000000001dc22       0x1e 
 .text          0x000000000001dc40     0x1aa9 build/tcp.o
                0x000000000001dc40                tcp_init
                0x000000000001ddb0                tcp_listen
                0x000000000001df50                tcp_accept
                0x000000000001dfc0                tcp_recv
                0x000000000001e0a0                tcp_state
                0x000000000001e0d0                tcp_for_each
                0x000000000001e130                tcp_checksum
                0x000000000001e700                tcp_send
                0x000000000001e7f0                tcp_connect
                0x000000000001ea00                tcp_close
                0x000000000001eac0                tcp_input
                0x000000000001f520                tcp_tick
 *fill*         0x000000000001f6e9        0x7 
 .text          0x000000000001f6f0       0xf0 build/net_pump.o
                0x000000000001f6f0                net_pump_run
 *fill*         0x000000000001f7e0       0x20 
 .text          0x000000000001f800      0x3f1 build/chacha20.o
                0x000000000001f800                chacha20_block
                0x000000000001fb50                chacha20_xor
 *fill*         0x000000000001fbf1        0xf 
 .text          0x000000000001fc00      0x501 build/poly1305.o
                0x000000000001fe00                poly1305_mac
 *fill*         0x0000000000020101       0x1f 
 .text          0x0000000000020120      0x76e build/aead.o
                0x00000000000201c0                aead_seal
                0x0000000000020380                aead_open
                0x0000000000020530                aead_selftest
 *fill*         0x000000000002088e       0x12 
 .text          0x00000000000208a0     0x138e build/x509.o
                0x0000000000021930                x509_parse
                0x0000000000021960                x509_verify_signature
                0x0000000000021ad0                x509_selftest
                0x0000000000021bf0                x509_sig_alg_name
                0x0000000000021c10                x509_pkey_alg_name
 .text          0x0000000000021c2e        0x0 build/x509_testvec.o
 *fill*         0x0000000000021c2e       0x12 
 .text          0x0000000000021c40      0x808 build/hkdf.o
                0x0000000000021c40                hmac_sha256
                0x0000000000021e50                hkdf_extract
                0x0000000000021ea0                hkdf_expand
                0x0000000000022030                tls13_hkdf_expand_label
                0x0000000000022190                tls13_derive_secret
                0x00000000000221e0                hkdf_selftest
 *fill*         0x0000000000022448       0x18 
 .text          0x0000000000022460     0x1184 build/x25519.o
                0x0000000000022780                x25519
                0x00000000000233f0                x25519_base
                0x0000000000023400                x25519_selftest
 *fill*         0x00000000000235e4       0x1c 
 .text          0x0000000000023600     0x2e79 build/tls.o
                0x0000000000024340                tls_build_client_hello
                0x0000000000024370                tls_build_certificate_msg
                0x0000000000024430                tls_build_server_finished
                0x00000000000244a0                tls_build_server_hello
                0x00000000000244e0                tls_parse_client_hello
                0x0000000000024500                tls_parse_server_hello
                0x0000000000024520                tls_derive_handshake_keys
                0x0000000000024680                tls_server_demo
                0x00000000000249a0                tls_selftest
                0x0000000000024d40                tls_state_name
                0x0000000000024d60                tls_send
                0x0000000000024dc0                tls_recv
                0x0000000000025070                tls_accept
                0x0000000000025710                tls_connect
 *fill*         0x0000000000026479        0x7 
 .text          0x0000000000026480      0x107 build/sched.o
                0x0000000000026480                sched_init
                0x00000000000264c0                sched_tick
                0x00000000000264d0                sched_should_yield
                0x00000000000264f0                sched_check_preempt
                0x0000000000026540                sched_request_yield
                0x0000000000026550                sched_total_preempts
                0x0000000000026560                sched_total_ticks
                0x0000000000026570                sched_quantum_ticks
                0x0000000000026580                sched_used_ticks
 *fill*         0x0000000000026587       0x19 
 .text          0x00000000000265a0      0xfec build/fat32.o
                0x0000000000026bc0                fat32_is_mounted
                0x0000000000026bd0                fat32_mount
                0x0000000000026c90                fat32_list_root
                0x0000000000026cd0                fat32_list_cluster
                0x0000000000026d10                fat32_path_lookup
                0x0000000000026ef0                fat32_write_file
                0x0000000000027320                fat32_read_file
                0x0000000000027520                fat32_use_block
                0x0000000000027530                fat32_mount_block
 *fill*         0x000000000002758c        0x4 
 .text          0x0000000000027590      0x246 build/memmap.o
                0x0000000000027620                memmap_init_from_e820
                0x00000000000276e0                memmap_init_from_uefi
                0x00000000000277d0                memmap_get
 *fill*         0x00000000000277d6        0xa 
 .text          0x00000000000277e0      0x57f build/block.o
                0x0000000000027820                block_probe
                0x0000000000027be0                block_get
                0x0000000000027c10                block_count
                0x0000000000027c20                block_read
                0x0000000000027c60                block_write
                0x0000000000027ca0                block_register
 *fill*         0x0000000000027d5f        0x1 
 .text          0x0000000000027d60      0x539 build/parttab.o
                0x0000000000028110                parttab_probe
                0x0000000000028170                parttab_register_partition
 *fill*         0x0000000000028299        0x7 
 .text          0x00000000000282a0      0x3c9 build/lba_xlate.o
                0x00000000000285e0                lba_xlate_register
 *fill*         0x0000000000028669        0x7 
 .text          0x0000000000028670      0x13c build/lapic.o
                0x0000000000028670                lapic_init
                0x00000000000286f0                lapic_is_enabled
                0x0000000000028700                lapic_base
                0x0000000000028710                lapic_id
                0x0000000000028730                lapic_version
                0x0000000000028750                lapic_send_ipi
                0x0000000000028790                lapic_eoi
 *fill*         0x00000000000287ac       0x14 
 .text          0x00000000000287c0      0x3e4 build/csprng.o
                0x0000000000028a30                csprng_reseed
                0x0000000000028a90                csprng_init
                0x0000000000028ab0                csprng_bytes
 *fill*         0x0000000000028ba4       0x1c 
 .text          0x0000000000028bc0      0x149 build/smp_boot.o
                0x0000000000028bc0                ap_main
                0x0000000000028bf0                smp_ap_in_c_count
                0x0000000000028c00                smp_ap_in_c_map
                0x0000000000028c10                smp_start_aps
                0x0000000000028d00                smp_ap_count
 *fill*         0x0000000000028d09        0x7 
 .text          0x0000000000028d10        0xc build/smp_trampoline_blob.o
                0x0000000000028d10                smp_trampoline_blob_len
 *fill*         0x0000000000028d1c       0x24 
 .text          0x0000000000028d40      0x6fb build/bignum.o
                0x0000000000028d40                bn_zero
                0x0000000000028d80                bn_copy
                0x0000000000028dc0                bn_is_zero
                0x0000000000028df0                bn_cmp
                0x0000000000028e20                bn_from_be
                0x0000000000028ec0                bn_to_be
                0x0000000000028f30                bn_addmod
                0x0000000000029030                bn_mulmod
                0x0000000000029220                bn_modexp
 *fill*         0x000000000002943b        0x5 
 .text          0x0000000000029440      0x3c6 build/rsa.o
                0x0000000000029440                rsa_pkcs1_v15_sha256_verify
                0x00000000000296a0                rsa_selftest
 *fill*         0x0000000000029806       0x3a 
 .text          0x0000000000029840     0x12d9 build/ecdsa.o
                0x000000000002a400                ecdsa_p256_sha256_verify
                0x000000000002a970                ecdsa_selftest
 *fill*         0x000000000002ab19        0x7 
 .text          0x000000000002ab20      0x1c3 build/trust.o
                0x000000000002ab20                trust_add
                0x000000000002abe0                trust_count
                0x000000000002abf0                trust_find_by_subject_cn
 *fill*         0x000000000002ace3        0xd 
 .text          0x000000000002acf0       0x62 build/wallpaper.o
                0x000000000002acf0                wallpaper_set
                0x000000000002ad00                wallpaper_get
                0x000000000002ad10                wallpaper_name
                0x000000000002ad30                wallpaper_render
 *fill*         0x000000000002ad52        0xe 
 .text          0x000000000002ad60      0x66b build/widgets_desktop.o
                0x000000000002ad60                widget_clock_render
                0x000000000002afa0                widget_calendar_render
                0x000000000002b2f0                widget_weather_render
                0x000000000002b370                widgets_desktop_render
 *fill*         0x000000000002b3cb       0x35 
 .text          0x000000000002b400      0x7d6 build/bignum_4k.o
                0x000000000002b5d0                bn4k_is_zero
                0x000000000002b600                bn4k_cmp
                0x000000000002b630                bn4k_from_be
                0x000000000002b6c0                bn4k_to_be
                0x000000000002b730                bn4k_modexp
                0x000000000002b980                rsa4k_pkcs1_v15_sha256_verify
 *fill*         0x000000000002bbd6        0xa 
 .text          0x000000000002bbe0      0x472 build/ipv6.o
                0x000000000002bcb0                ipv6_init
                0x000000000002bd20                ipv6_local_addr
                0x000000000002bd30                ipv6_input
 .text          0x000000000002c052        0x0 build/trust_anchors.o
 *fill*         0x000000000002c052        0xe 
 .text          0x000000000002c060      0x1a0 build/tunes.o
                0x000000000002c060                tunes_play_boot
                0x000000000002c0c0                tunes_play_alert
                0x000000000002c110                tunes_play_scale
                0x000000000002c160                tunes_play_arpeggio
                0x000000000002c1b0                tunes_play_error
 .text          0x000000000002c200      0x489 build/rsa_pss.o
                0x000000000002c200                rsa_pss_sha256_verify
 *fill*         0x000000000002c689        0x7 
 .text          0x000000000002c690      0x241 build/hal_x86_64.o
                0x000000000002c690                hal_arch_name
                0x000000000002c6a0                hal_cycle_counter
                0x000000000002c6b0                hal_cpu_detect
                0x000000000002c850                hal_memory_map
                0x000000000002c860                hal_total_usable_ram
                0x000000000002c870                hal_irq_init
                0x000000000002c880                hal_irq_enable
                0x000000000002c890                hal_irq_disable
                0x000000000002c8a0                hal_irq_eoi
                0x000000000002c8b0                hal_mmu_init
                0x000000000002c8c0                hal_map_phys
                0x000000000002c8d0                hal_unmap
 *fill*         0x000000000002c8d1       0x2f 
 .text          0x000000000002c900      0x4b6 build/acpi.o
                0x000000000002c900                acpi_find_rsdp
                0x000000000002c990                acpi_init
                0x000000000002ca80                acpi_find_table
                0x000000000002cae0                acpi_table_count
                0x000000000002caf0                acpi_walk_madt
                0x000000000002cbf0                acpi_dump_tables
 *fill*         0x000000000002cdb6        0xa 
 .text          0x000000000002cdc0      0x923 build/ahci.o
                0x000000000002ce50                ahci_init
                0x000000000002cf20                ahci_info
                0x000000000002cf30                ahci_active_ports
                0x000000000002cf50                ahci_port_init
                0x000000000002d130                ahci_port_read
                0x000000000002d2b0                ahci_port_write
                0x000000000002d430                ahci_port_identify
 *fill*         0x000000000002d6e3       0x1d 
 .text          0x000000000002d700      0x126 build/e1000.o
                0x000000000002d700                e1000_init
                0x000000000002d820                e1000_info
 *fill*         0x000000000002d826       0x1a 
 .text          0x000000000002d840      0xa1b build/nvme.o
                0x000000000002dbe0                nvme_init
                0x000000000002dcf0                nvme_info
                0x000000000002dd00                nvme_admin_init
                0x000000000002e0b0                nvme_io_init
                0x000000000002e200                nvme_read
                0x000000000002e230                nvme_write
 *fill*         0x000000000002e25b       0x25 
 .text          0x000000000002e280      0x5f4 build/http.o
                0x000000000002e280                http_parse_response
                0x000000000002e610                http_get
 *fill*         0x000000000002e874        0xc 
 .text          0x000000000002e880      0x597 build/xhci.o
                0x000000000002e880                xhci_init
                0x000000000002e980                xhci_info
                0x000000000002e990                xhci_reset
                0x000000000002ea20                xhci_status
                0x000000000002ea40                xhci_bring_up
                0x000000000002eb60                xhci_dcbaa_phys
                0x000000000002eb70                xhci_cmd_ring_phys
                0x000000000002eb80                xhci_event_ring_setup
                0x000000000002ec70                xhci_event_ring_phys
                0x000000000002ec80                xhci_erst_phys
                0x000000000002ec90                xhci_enable_slot
                0x000000000002ed30                xhci_cmd_ring_index
                0x000000000002ed40                xhci_event_poll
 *fill*         0x000000000002ee17        0x9 
 .text          0x000000000002ee20      0x22d build/ata.o
                0x000000000002ee20                ata_init
                0x000000000002eee0                ata_read_sector
                0x000000000002ef90                ata_write_sector
 *fill*         0x000000000002f04d        0x3 
 .text          0x000000000002f050       0xa6 build/usb.o
                0x000000000002f050                usb_init
                0x000000000002f080                usb_has_controller
                0x000000000002f090                usb_controller_type
 *fill*         0x000000000002f0f6        0xa 
 .text          0x000000000002f100       0x95 build/speaker.o
                0x000000000002f100                speaker_on
                0x000000000002f140                speaker_off
                0x000000000002f150                beep
 *fill*         0x000000000002f195        0xb 
 .text          0x000000000002f1a0      0x2d8 build/mouse.o
                0x000000000002f1a0                mouse_handler
                0x000000000002f2c0                mouse_init
                0x000000000002f440                mouse_poll
                0x000000000002f450                mouse_x
                0x000000000002f460                mouse_y
                0x000000000002f470                mouse_buttons
 *fill*         0x000000000002f478        0x8 
 .text          0x000000000002f480     0x409d build/gui.o
                0x00000000000324e0                gui_set_glass_mode
                0x00000000000324f0                gui_glass_mode
                0x0000000000032500                gui_run
 *fill*         0x000000000003351d       0x23 
 .text          0x0000000000033540      0x535 build/sha256.o
                0x0000000000033540                sha256
                0x0000000000033a00                sha256_hex
 *fill*         0x0000000000033a75        0xb 
 .text          0x0000000000033a80      0x42e build/security.o
                0x0000000000033a80                user_add
                0x0000000000033c60                security_init
                0x0000000000033d20                auth_login
                0x0000000000033df0                auth_logout
                0x0000000000033e60                current_user
                0x0000000000033e80                current_is_admin
                0x0000000000033ea0                user_list
 *fill*         0x0000000000033eae        0x2 
 .text          0x0000000000033eb0      0x287 build/pkg.o
                0x0000000000033eb0                pkg_init
                0x0000000000033ef0                pkg_repo
                0x0000000000033f00                pkg_find
                0x00000000000340c0                pkg_install
                0x00000000000340e0                pkg_remove
 *fill*         0x0000000000034137        0x9 
 .text          0x0000000000034140      0x298 build/smp.o
                0x00000000000341b0                smp_init
                0x0000000000034390                cpu_count
                0x00000000000343a0                cpu_apic_id
                0x00000000000343c0                lapic_address
                0x00000000000343d0                acpi_found
 *fill*         0x00000000000343d8        0x8 
 .text          0x00000000000343e0       0x79 build/power.o
                0x00000000000343e0                power_shutdown
                0x0000000000034410                power_reboot
                0x0000000000034430                power_halt
                0x0000000000034450                power_suspend
 *fill*         0x0000000000034459        0x7 
 .text          0x0000000000034460       0xe6 build/klog.o
                0x0000000000034460                klog
                0x0000000000034510                klog_count
                0x0000000000034520                klog_get
 *fill*         0x0000000000034546       0x3a 
 .text          0x0000000000034580      0x56c build/html.o
                0x0000000000034680                html_render
 *fill*         0x0000000000034aec        0x4 
 .text          0x0000000000034af0      0x226 build/theme.o
                0x0000000000034af0                theme_init
                0x0000000000034b90                theme_set_dark
                0x0000000000034d10                theme
 *fill*         0x0000000000034d16        0xa 
 .text          0x0000000000034d20     0x15e8 build/compositor.o
                0x00000000000351d0                comp_init
                0x00000000000351e0                comp_revalidate
                0x00000000000351f0                comp_canary_ok
                0x0000000000035220                comp_canary_dump
                0x00000000000352c0                comp_width
                0x00000000000352d0                comp_height
                0x00000000000352e0                comp_pixel
                0x0000000000035320                comp_clear
                0x0000000000035370                comp_rect
                0x0000000000035420                comp_border
                0x00000000000355d0                comp_shadow
                0x0000000000035790                comp_glyph
                0x0000000000035870                comp_text
                0x00000000000358c0                comp_text_bg_alpha
                0x0000000000035a00                comp_gradient_v
                0x0000000000035b90                comp_blur_rect
                0x0000000000035bc0                comp_tint_rect
                0x0000000000035d40                comp_rounded_rect
                0x0000000000035f00                comp_glass_panel
                0x0000000000036280                comp_present
 *fill*         0x0000000000036308       0x18 
 .text          0x0000000000036320      0x121 build/icons.o
                0x0000000000036320                icon_draw
 *fill*         0x0000000000036441       0x1f 
 .text          0x0000000000036460      0x23a build/notify.o
                0x0000000000036460                notify_post
                0x0000000000036600                notify_tick
                0x0000000000036650                notify_active
                0x0000000000036680                notify_history
 *fill*         0x000000000003669a        0x6 
 .text          0x00000000000366a0      0x839 build/widgets.o
                0x00000000000366a0                w_button
                0x00000000000367b0                w_label
                0x00000000000367e0                w_label_dim
                0x0000000000036810                w_label_color
                0x0000000000036820                w_panel
                0x0000000000036880                w_panel_titled
                0x0000000000036910                w_separator
                0x0000000000036970                w_progress
                0x0000000000036a20                w_toggle
                0x0000000000036b40                w_input
                0x0000000000036c60                w_list_item
                0x0000000000036d80                w_icon_tile
 *fill*         0x0000000000036ed9        0x7 
 .text          0x0000000000036ee0       0xe0 build/app.o
                0x0000000000036ee0                app_register
                0x0000000000036f00                app_count
                0x0000000000036f10                app_get
                0x0000000000036f40                app_find
 .text          0x0000000000036fc0      0xd3c build/app_settings.o
 *fill*         0x0000000000037cfc        0x4 
 .text          0x0000000000037d00     0x1393 build/app_files.o
 *fill*         0x0000000000039093       0x2d 
 .text          0x00000000000390c0     0x17ab build/app_terminal.o
 *fill*         0x000000000003a86b       0x15 
 .text          0x000000000003a880      0xa9f build/app_textedit.o
 *fill*         0x000000000003b31f       0x21 
 .text          0x000000000003b340      0xc32 build/app_calc.o
 *fill*         0x000000000003bf72        0xe 
 .text          0x000000000003bf80     0x1489 build/app_clock.o
 *fill*         0x000000000003d409       0x37 
 .text          0x000000000003d440     0x12c6 build/app_taskmgr.o
 *fill*         0x000000000003e706        0xa 
 .text          0x000000000003e710      0x128 build/app_launcher.o
                0x000000000003e830                launcher_set_callback
 *fill*         0x000000000003e838        0x8 
 .text          0x000000000003e840      0x181 build/app_notecenter.o
 *fill*         0x000000000003e9c1       0x1f 
 .text          0x000000000003e9e0      0x882 build/app_control.o
 *fill*         0x000000000003f262       0x1e 
 .text          0x000000000003f280      0xcf3 build/app_browser.o
 *fill*         0x000000000003ff73        0xd 
 .text          0x000000000003ff80      0xcff build/app_pkgstore.o
 *fill*         0x0000000000040c7f        0x1 
 .text          0x0000000000040c80      0xd22 build/app_notes.o
 *fill*         0x00000000000419a2       0x1e 
 .text          0x00000000000419c0      0xcb9 build/app_calendar.o
 *fill*         0x0000000000042679        0x7 
 .text          0x0000000000042680      0xaed build/app_network.o
 *fill*         0x000000000004316d       0x13 
 .text          0x0000000000043180      0xaec build/app_disk.o
 *fill*         0x0000000000043c6c        0x4 
 .text          0x0000000000043c70       0xa5 build/apps_reg.o
                0x0000000000043c70                apps_register_all
 *fill*         0x0000000000043d15        0xb 
 .text          0x0000000000043d20      0x33d build/sockets.o
                0x0000000000043d20                tcp_state_name
                0x0000000000043d40                sock_socket
                0x0000000000043de0                sock_bind
                0x0000000000043e30                sock_connect
                0x0000000000043e90                sock_listen
                0x0000000000043ee0                sock_send
                0x0000000000043f30                sock_recv
                0x0000000000043f70                sock_close
                0x0000000000043ff0                sock_count
                0x0000000000044020                sock_get
 *fill*         0x000000000004405d        0x3 
 .text          0x0000000000044060       0x46 build/dhcp.o
                0x0000000000044060                dhcp_init
                0x0000000000044070                dhcp_lease_active
                0x0000000000044080                dhcp_offered_ip
                0x0000000000044090                dhcp_gateway
                0x00000000000440a0                dhcp_dns
 *fill*         0x00000000000440a6        0xa 
 .text          0x00000000000440b0       0x9f build/dns.o
                0x00000000000440b0                dns_resolve
 *fill*         0x000000000004414f       0x11 
 .text          0x0000000000044160      0x376 build/ipc.o
                0x0000000000044160                pipe_create
                0x00000000000441d0                pipe_write
                0x0000000000044260                pipe_read
                0x00000000000442f0                pipe_count
                0x0000000000044320                mq_send
                0x00000000000443d0                mq_recv
                0x0000000000044460                mq_count
                0x00000000000444a0                signal_send
                0x00000000000444b0                signal_count
                0x00000000000444c0                signal_name
 *fill*         0x00000000000444d6       0x2a 
 .text          0x0000000000044500      0xa96 build/widgets_panel.o
                0x0000000000044850                widgets_panel_draw
 *fill*         0x0000000000044f96        0xa 
 .text          0x0000000000044fa0      0x475 build/ctxmenu.o
                0x0000000000044fa0                ctxmenu_clear
                0x0000000000044fc0                ctxmenu_add
                0x0000000000044ff0                ctxmenu_show
                0x0000000000045020                ctxmenu_hide
                0x0000000000045030                ctxmenu_handle_click
                0x0000000000045160                ctxmenu_draw
 *fill*         0x0000000000045415        0xb 
 .text          0x0000000000045420      0x3b8 build/rtl8139.o
                0x0000000000045500                rtl8139_init
                0x00000000000456f0                rtl8139_send
                0x00000000000457a0                rtl8139_mac
                0x00000000000457b0                rtl8139_tx_count
                0x00000000000457c0                rtl8139_rx_count
                0x00000000000457d0                rtl8139_set_rx_handler
 *fill*         0x00000000000457d8        0x8 
 .text          0x00000000000457e0      0x42d build/net_io.o
                0x0000000000045850                net_io_init
                0x0000000000045870                net_io_poll
                0x00000000000458d0                net_io_rx_count
                0x00000000000458e0                net_io_tx_count
                0x00000000000458f0                net_io_send_udp_bcast
                0x0000000000045a70                net_io_send_udp
 *fill*         0x0000000000045c0d       0x13 
 .text          0x0000000000045c20      0x2a6 build/dhcp_real.o
                0x0000000000045d40                dhcp_real_run
                0x0000000000045ea0                dhcp_real_ip
                0x0000000000045eb0                dhcp_real_gw
                0x0000000000045ec0                dhcp_real_dns
 *fill*         0x0000000000045ec6       0x3a 
 .text          0x0000000000045f00      0x356 build/dns_real.o
                0x00000000000460a0                dns_real_resolve

.rodata         0x0000000000046260     0x4bc8
 *(.rodata)
 .rodata        0x0000000000046260      0x100 build/isr.o
 .rodata        0x0000000000046360       0x40 build/screen.o
 .rodata        0x00000000000463a0       0x98 build/keyboard.o
 *fill*         0x0000000000046438        0x8 
 .rodata        0x0000000000046440      0x748 build/shell.o
 .rodata        0x0000000000046b88       0x58 build/syscall.o
 .rodata        0x0000000000046be0     0x1438 build/user_init.o
                0x0000000000046be0                user_init_elf_len
                0x0000000000046c00                user_init_elf
 *fill*         0x0000000000048018        0x8 
 .rodata        0x0000000000048020     0x15e0 build/user_hello.o
                0x0000000000048020                user_hello_elf_len
                0x0000000000048040                user_hello_elf
 .rodata        0x0000000000049600        0xe build/udp.o
 *fill*         0x000000000004960e        0x2 
 .rodata        0x0000000000049610       0x48 build/tcp.o
 *fill*         0x0000000000049658        0x8 
 .rodata        0x0000000000049660       0x91 build/x509.o
 *fill*         0x00000000000496f1        0xf 
 .rodata        0x0000000000049700      0x196 build/x509_testvec.o
                0x0000000000049700                x509_testvec_der
 *fill*         0x0000000000049896        0xa 
 .rodata        0x00000000000498a0       0x48 build/x25519.o
 *fill*         0x00000000000498e8       0x18 
 .rodata        0x0000000000049900       0x28 build/tls.o
 *fill*         0x0000000000049928       0x18 
 .rodata        0x0000000000049940       0x28 build/memmap.o
 .rodata        0x0000000000049968        0x8 build/parttab.o
 .rodata        0x0000000000049970       0xde build/smp_trampoline_blob.o
                0x0000000000049970                smp_trampoline_blob
                0x0000000000049a4e                smp_trampoline_blob_end
 *fill*         0x0000000000049a4e        0x2 
 .rodata        0x0000000000049a50       0x13 build/rsa.o
 *fill*         0x0000000000049a63       0x1d 
 .rodata        0x0000000000049a80       0x80 build/ecdsa.o
 .rodata        0x0000000000049b00       0x30 build/wallpaper.o
 *fill*         0x0000000000049b30       0x10 
 .rodata        0x0000000000049b40       0x80 build/widgets_desktop.o
 .rodata        0x0000000000049bc0       0x13 build/bignum_4k.o
 *fill*         0x0000000000049bd3        0xd 
 .rodata        0x0000000000049be0       0xc8 build/tunes.o
 *fill*         0x0000000000049ca8        0x8 
 .rodata        0x0000000000049cb0       0x18 build/e1000.o
 *fill*         0x0000000000049cc8       0x18 
 .rodata        0x0000000000049ce0      0x2d0 build/gui.o
 *fill*         0x0000000000049fb0       0x10 
 .rodata        0x0000000000049fc0      0x100 build/sha256.o
 .rodata        0x000000000004a0c0      0x170 build/icons.o
                0x000000000004a0c0                ICON_TRASH
                0x000000000004a100                ICON_APPS
                0x000000000004a140                ICON_BROWSER
                0x000000000004a180                ICON_SETTINGS
                0x000000000004a1c0                ICON_TERMINAL
                0x000000000004a200                ICON_FINDER
 *fill*         0x000000000004a230       0x10 
 .rodata        0x000000000004a240       0xa0 build/app_settings.o
                0x000000000004a280                APP_SETTINGS
 .rodata        0x000000000004a2e0       0x20 build/app_files.o
                0x000000000004a2e0                APP_FILES
 .rodata        0x000000000004a300       0x20 build/app_terminal.o
                0x000000000004a300                APP_TERMINAL
 .rodata        0x000000000004a320       0x20 build/app_textedit.o
                0x000000000004a320                APP_TEXTEDIT
 .rodata        0x000000000004a340      0x180 build/app_calc.o
                0x000000000004a4a0                APP_CALC
 .rodata        0x000000000004a4c0      0x268 build/app_clock.o
                0x000000000004a660                APP_CLOCK
 *fill*         0x000000000004a728       0x18 
 .rodata        0x000000000004a740      0x100 build/app_taskmgr.o
                0x000000000004a820                APP_TASKMGR
 .rodata        0x000000000004a840       0x20 build/app_launcher.o
                0x000000000004a840                APP_LAUNCHER
 .rodata        0x000000000004a860       0x20 build/app_notecenter.o
                0x000000000004a860                APP_NOTECENTER
 .rodata        0x000000000004a880       0x20 build/app_control.o
                0x000000000004a880                APP_CONTROL
 .rodata        0x000000000004a8a0       0x20 build/app_browser.o
                0x000000000004a8a0                APP_BROWSER2
 .rodata        0x000000000004a8c0       0x48 build/app_pkgstore.o
                0x000000000004a8c0                APP_PKGSTORE
 *fill*         0x000000000004a908       0x18 
 .rodata        0x000000000004a920       0x20 build/app_notes.o
                0x000000000004a920                APP_NOTES
 .rodata        0x000000000004a940      0x108 build/app_calendar.o
                0x000000000004a980                APP_CALENDAR
 *fill*         0x000000000004aa48       0x18 
 .rodata        0x000000000004aa60       0x20 build/app_network.o
                0x000000000004aa60                APP_NETWORK
 .rodata        0x000000000004aa80      0x1a0 build/app_disk.o
                0x000000000004ac00                APP_DISK
 .rodata        0x000000000004ac20       0x58 build/sockets.o
 *fill*         0x000000000004ac78        0x8 
 .rodata        0x000000000004ac80       0x80 build/dns.o
 .rodata        0x000000000004ad00       0x70 build/ipc.o
 *fill*         0x000000000004ad70       0x10 
 .rodata        0x000000000004ad80       0xa8 build/widgets_panel.o

.rodata.str1.8  0x000000000004ae28     0x33ca
 .rodata.str1.8
                0x000000000004ae28      0x629 build/kernel.o
 *fill*         0x000000000004b451        0x7 
 .rodata.str1.8
                0x000000000004b458       0x5c build/isr.o
 *fill*         0x000000000004b4b4        0x4 
 .rodata.str1.8
                0x000000000004b4b8     0x1f89 build/shell.o
 *fill*         0x000000000004d441        0x7 
 .rodata.str1.8
                0x000000000004d448       0x50 build/vfs.o
 .rodata.str1.8
                0x000000000004d498       0x9b build/aead.o
 *fill*         0x000000000004d533        0x5 
 .rodata.str1.8
                0x000000000004d538       0x31 build/http.o
 *fill*         0x000000000004d569        0x7 
 .rodata.str1.8
                0x000000000004d570       0x50 build/gui.o
 .rodata.str1.8
                0x000000000004d5c0       0x2b build/html.o
 *fill*         0x000000000004d5eb        0x5 
 .rodata.str1.8
                0x000000000004d5f0       0xbe build/compositor.o
 *fill*         0x000000000004d6ae        0x2 
 .rodata.str1.8
                0x000000000004d6b0       0xa0 build/app_settings.o
 .rodata.str1.8
                0x000000000004d750       0xd3 build/app_terminal.o
 *fill*         0x000000000004d823        0x5 
 .rodata.str1.8
                0x000000000004d828       0xf2 build/app_textedit.o
 *fill*         0x000000000004d91a        0x6 
 .rodata.str1.8
                0x000000000004d920      0x11f build/app_taskmgr.o
 *fill*         0x000000000004da3f        0x1 
 .rodata.str1.8
                0x000000000004da40       0x3f build/app_control.o
 *fill*         0x000000000004da7f        0x1 
 .rodata.str1.8
                0x000000000004da80      0x56b build/app_browser.o
 *fill*         0x000000000004dfeb        0x5 
 .rodata.str1.8
                0x000000000004dff0      0x202 build/app_notes.o

.rodata.str1.1  0x000000000004e1f2     0x443b
 .rodata.str1.1
                0x000000000004e1f2      0x2c0 build/kernel.o
 .rodata.str1.1
                0x000000000004e4b2      0x28c build/isr.o
 .rodata.str1.1
                0x000000000004e73e       0x11 build/screen.o
 .rodata.str1.1
                0x000000000004e74f     0x277e build/shell.o
 .rodata.str1.1
                0x0000000000050ecd       0x24 build/vfs.o
 .rodata.str1.1
                0x0000000000050ef1       0xae build/x509.o
 .rodata.str1.1
                0x0000000000050f9f       0x84 build/tls.o
 .rodata.str1.1
                0x0000000000051023        0xa build/block.o
 .rodata.str1.1
                0x000000000005102d        0x7 build/ecdsa.o
 .rodata.str1.1
                0x0000000000051034       0x2a build/wallpaper.o
 .rodata.str1.1
                0x000000000005105e       0x60 build/widgets_desktop.o
 .rodata.str1.1
                0x00000000000510be        0x7 build/hal_x86_64.o
 .rodata.str1.1
                0x00000000000510c5        0x5 build/acpi.o
 .rodata.str1.1
                0x00000000000510ca       0x22 build/http.o
 .rodata.str1.1
                0x00000000000510ec       0x58 build/usb.o
 .rodata.str1.1
                0x0000000000051144      0x427 build/gui.o
 .rodata.str1.1
                0x000000000005156b       0x11 build/sha256.o
 .rodata.str1.1
                0x000000000005157c       0x10 build/security.o
 .rodata.str1.1
                0x000000000005158c      0x10c build/pkg.o
 .rodata.str1.1
                0x0000000000051698        0xe build/smp.o
 .rodata.str1.1
                0x00000000000516a6        0x1 build/klog.o
 .rodata.str1.1
                0x00000000000516a7       0x17 build/html.o
 .rodata.str1.1
                0x00000000000516be       0x2c build/icons.o
 .rodata.str1.1
                0x00000000000516ea      0x3cc build/app_settings.o
 .rodata.str1.1
                0x0000000000051ab6       0x7f build/app_files.o
 .rodata.str1.1
                0x0000000000051b35       0xbf build/app_terminal.o
 .rodata.str1.1
                0x0000000000051bf4       0x13 build/app_textedit.o
 .rodata.str1.1
                0x0000000000051c07       0x35 build/app_calc.o
 .rodata.str1.1
                0x0000000000051c3c      0x13f build/app_clock.o
 .rodata.str1.1
                0x0000000000051d7b      0x1bd build/app_taskmgr.o
 .rodata.str1.1
                0x0000000000051f38       0x17 build/app_launcher.o
 .rodata.str1.1
                0x0000000000051f4f       0x34 build/app_notecenter.o
 .rodata.str1.1
                0x0000000000051f83       0x77 build/app_control.o
 .rodata.str1.1
                0x0000000000051ffa       0x54 build/app_browser.o
 .rodata.str1.1
                0x000000000005204e       0x82 build/app_pkgstore.o
 .rodata.str1.1
                0x00000000000520d0       0x51 build/app_notes.o
 .rodata.str1.1
                0x0000000000052121       0xbf build/app_calendar.o
 .rodata.str1.1
                0x00000000000521e0       0xdb build/app_network.o
 .rodata.str1.1
                0x00000000000522bb      0x1f7 build/app_disk.o
 .rodata.str1.1
                0x00000000000524b2       0x74 build/sockets.o
 .rodata.str1.1
                0x0000000000052526       0x3e build/dns.o
 .rodata.str1.1
                0x0000000000052564       0x27 build/ipc.o
 .rodata.str1.1
                0x000000000005258b       0xa2 build/widgets_panel.o

.eh_frame       0x0000000000052630     0x6fe8
 .eh_frame      0x0000000000052630       0x48 build/kernel.o
 .eh_frame      0x0000000000052678       0x40 build/idt.o
 .eh_frame      0x00000000000526b8       0x70 build/isr.o
 .eh_frame      0x0000000000052728      0x1f0 build/screen.o
 .eh_frame      0x0000000000052918      0x1a0 build/framebuffer.o
 .eh_frame      0x0000000000052ab8       0x68 build/pic.o
 .eh_frame      0x0000000000052b20       0x78 build/keyboard.o
 .eh_frame      0x0000000000052b98     0x16d0 build/shell.o
 .eh_frame      0x0000000000054268      0x110 build/pmm.o
 .eh_frame      0x0000000000054378       0xa0 build/heap.o
 .eh_frame      0x0000000000054418       0xa0 build/timer.o
 .eh_frame      0x00000000000544b8       0x50 build/rtc.o
 .eh_frame      0x0000000000054508      0x1c8 build/vfs.o
 .eh_frame      0x00000000000546d0       0xe8 build/task.o
 .eh_frame      0x00000000000547b8       0xa8 build/syscall.o
 .eh_frame      0x0000000000054860       0x50 build/gdt.o
 .eh_frame      0x00000000000548b0       0x30 build/elf.o
 .eh_frame      0x00000000000548e0       0xb8 build/pci.o
 .eh_frame      0x0000000000054998       0x88 build/net.o
 .eh_frame      0x0000000000054a20       0xf0 build/arp.o
 .eh_frame      0x0000000000054b10      0x158 build/udp.o
 .eh_frame      0x0000000000054c68      0x330 build/tcp.o
 .eh_frame      0x0000000000054f98       0x48 build/net_pump.o
 .eh_frame      0x0000000000054fe0       0x88 build/chacha20.o
 .eh_frame      0x0000000000055068       0x88 build/poly1305.o
 .eh_frame      0x00000000000550f0      0x118 build/aead.o
 .eh_frame      0x0000000000055208      0x240 build/x509.o
 .eh_frame      0x0000000000055448      0x138 build/hkdf.o
 .eh_frame      0x0000000000055580       0xd8 build/x25519.o
 .eh_frame      0x0000000000055658      0x3d8 build/tls.o
 .eh_frame      0x0000000000055a30       0xe0 build/sched.o
 .eh_frame      0x0000000000055b10      0x320 build/fat32.o
 .eh_frame      0x0000000000055e30       0x80 build/memmap.o
 .eh_frame      0x0000000000055eb0      0x118 build/block.o
 .eh_frame      0x0000000000055fc8      0x150 build/parttab.o
 .eh_frame      0x0000000000056118      0x138 build/lba_xlate.o
 .eh_frame      0x0000000000056250       0xa8 build/lapic.o
 .eh_frame      0x00000000000562f8       0xc0 build/csprng.o
 .eh_frame      0x00000000000563b8       0x90 build/smp_boot.o
 .eh_frame      0x0000000000056448       0x30 build/smp_trampoline_blob.o
 .eh_frame      0x0000000000056478      0x110 build/bignum.o
 .eh_frame      0x0000000000056588       0xa8 build/rsa.o
 .eh_frame      0x0000000000056630      0x1d0 build/ecdsa.o
 .eh_frame      0x0000000000056800       0x88 build/trust.o
 .eh_frame      0x0000000000056888       0x68 build/wallpaper.o
 .eh_frame      0x00000000000568f0       0xd8 build/widgets_desktop.o
 .eh_frame      0x00000000000569c8      0x130 build/bignum_4k.o
 .eh_frame      0x0000000000056af8       0x88 build/ipv6.o
 .eh_frame      0x0000000000056b80       0xd0 build/tunes.o
 .eh_frame      0x0000000000056c50       0x80 build/rsa_pss.o
 .eh_frame      0x0000000000056cd0      0x120 build/hal_x86_64.o
 .eh_frame      0x0000000000056df0      0x110 build/acpi.o
 .eh_frame      0x0000000000056f00       0xe0 build/ahci.o
 .eh_frame      0x0000000000056fe0       0x60 build/e1000.o
 .eh_frame      0x0000000000057040      0x110 build/nvme.o
 .eh_frame      0x0000000000057150       0xc8 build/http.o
 .eh_frame      0x0000000000057218      0x170 build/xhci.o
 .eh_frame      0x0000000000057388       0x58 build/ata.o
 .eh_frame      0x00000000000573e0       0x60 build/usb.o
 .eh_frame      0x0000000000057440       0x60 build/speaker.o
 .eh_frame      0x00000000000574a0       0xa0 build/mouse.o
 .eh_frame      0x0000000000057540      0x2e0 build/gui.o
 .eh_frame      0x0000000000057820       0x70 build/sha256.o
 .eh_frame      0x0000000000057890       0xe8 build/security.o
 .eh_frame      0x0000000000057978       0xf8 build/pkg.o
 .eh_frame      0x0000000000057a70       0xb0 build/smp.o
 .eh_frame      0x0000000000057b20       0x70 build/power.o
 .eh_frame      0x0000000000057b90       0x58 build/klog.o
 .eh_frame      0x0000000000057be8       0x88 build/html.o
 .eh_frame      0x0000000000057c70       0x78 build/theme.o
 .eh_frame      0x0000000000057ce8      0x3b0 build/compositor.o
 .eh_frame      0x0000000000058098       0x50 build/icons.o
 .eh_frame      0x00000000000580e8       0x88 build/notify.o
 .eh_frame      0x0000000000058170      0x280 build/widgets.o
 .eh_frame      0x00000000000583f0       0x68 build/app.o
 .eh_frame      0x0000000000058458       0xc8 build/app_settings.o
 .eh_frame      0x0000000000058520       0x90 build/app_files.o
 .eh_frame      0x00000000000585b0      0x148 build/app_terminal.o
 .eh_frame      0x00000000000586f8       0x88 build/app_textedit.o
 .eh_frame      0x0000000000058780       0xb8 build/app_calc.o
 .eh_frame      0x0000000000058838       0xe0 build/app_clock.o
 .eh_frame      0x0000000000058918       0xc0 build/app_taskmgr.o
 .eh_frame      0x00000000000589d8       0x68 build/app_launcher.o
 .eh_frame      0x0000000000058a40       0x68 build/app_notecenter.o
 .eh_frame      0x0000000000058aa8       0xc8 build/app_control.o
 .eh_frame      0x0000000000058b70       0x68 build/app_browser.o
 .eh_frame      0x0000000000058bd8       0x78 build/app_pkgstore.o
 .eh_frame      0x0000000000058c50       0x78 build/app_notes.o
 .eh_frame      0x0000000000058cc8       0x78 build/app_calendar.o
 .eh_frame      0x0000000000058d40       0x68 build/app_network.o
 .eh_frame      0x0000000000058da8       0xa0 build/app_disk.o
 .eh_frame      0x0000000000058e48       0x38 build/apps_reg.o
 .eh_frame      0x0000000000058e80       0xe0 build/sockets.o
 .eh_frame      0x0000000000058f60       0x80 build/dhcp.o
 .eh_frame      0x0000000000058fe0       0x30 build/dns.o
 .eh_frame      0x0000000000059010       0xe0 build/ipc.o
 .eh_frame      0x00000000000590f0      0x100 build/widgets_panel.o
 .eh_frame      0x00000000000591f0       0xb8 build/ctxmenu.o
 .eh_frame      0x00000000000592a8       0xf0 build/rtl8139.o
 .eh_frame      0x0000000000059398      0x140 build/net_io.o
 .eh_frame      0x00000000000594d8       0xb0 build/dhcp_real.o
 .eh_frame      0x0000000000059588       0x90 build/dns_real.o

.rodata.cst32   0x0000000000059620       0x20
 .rodata.cst32  0x0000000000059620       0x20 build/wallpaper.o

.data           0x0000000000059640     0x129e
 *(.data)
 .data          0x0000000000059640        0x0 build/kernel.o
 .data          0x0000000000059640        0x0 build/idt.o
 .data          0x0000000000059640        0x0 build/isr.o
 .data          0x0000000000059640        0x1 build/screen.o
 .data          0x0000000000059641        0x0 build/framebuffer.o
 .data          0x0000000000059641        0x0 build/pic.o
 .data          0x0000000000059641        0x0 build/keyboard.o
 *fill*         0x0000000000059641        0x3 
 .data          0x0000000000059644        0x4 build/shell.o
 .data          0x0000000000059648        0x4 build/pmm.o
 .data          0x000000000005964c        0x0 build/heap.o
 .data          0x000000000005964c        0x4 build/timer.o
 .data          0x0000000000059650        0x0 build/rtc.o
 .data          0x0000000000059650        0x0 build/vfs.o
 .data          0x0000000000059650        0x4 build/task.o
 .data          0x0000000000059654        0x0 build/syscall.o
 .data          0x0000000000059654        0x0 build/gdt.o
 .data          0x0000000000059654        0x0 build/elf.o
 .data          0x0000000000059654        0x0 build/user_init.o
 .data          0x0000000000059654        0x0 build/user_hello.o
 .data          0x0000000000059654        0x0 build/pci.o
 .data          0x0000000000059654        0xa build/net.o
 .data          0x000000000005965e        0x0 build/arp.o
 .data          0x000000000005965e        0x0 build/udp.o
 .data          0x000000000005965e        0x2 build/tcp.o
 .data          0x0000000000059660        0x0 build/net_pump.o
 .data          0x0000000000059660        0x0 build/chacha20.o
 .data          0x0000000000059660        0x0 build/poly1305.o
 .data          0x0000000000059660        0x0 build/aead.o
 .data          0x0000000000059660        0x0 build/x509.o
 .data          0x0000000000059660        0x0 build/x509_testvec.o
 .data          0x0000000000059660        0x0 build/hkdf.o
 .data          0x0000000000059660        0x0 build/x25519.o
 .data          0x0000000000059660        0x0 build/tls.o
 .data          0x0000000000059660        0x0 build/sched.o
 .data          0x0000000000059660        0x0 build/fat32.o
 .data          0x0000000000059660        0x0 build/memmap.o
 .data          0x0000000000059660        0x0 build/block.o
 .data          0x0000000000059660        0x0 build/parttab.o
 .data          0x0000000000059660        0x0 build/lba_xlate.o
 .data          0x0000000000059660        0x0 build/lapic.o
 .data          0x0000000000059660        0x0 build/csprng.o
 .data          0x0000000000059660        0x0 build/smp_boot.o
 .data          0x0000000000059660        0x0 build/smp_trampoline_blob.o
 .data          0x0000000000059660        0x0 build/bignum.o
 .data          0x0000000000059660        0x0 build/rsa.o
 .data          0x0000000000059660        0x0 build/ecdsa.o
 .data          0x0000000000059660        0x0 build/trust.o
 .data          0x0000000000059660        0x0 build/wallpaper.o
 .data          0x0000000000059660        0x0 build/widgets_desktop.o
 .data          0x0000000000059660        0x0 build/bignum_4k.o
 .data          0x0000000000059660        0x0 build/ipv6.o
 .data          0x0000000000059660      0xd19 build/trust_anchors.o
                0x0000000000059660                globalsign_mock_der_len
                0x0000000000059680                globalsign_mock_der
                0x00000000000599b8                digicert_mock_der_len
                0x00000000000599c0                digicert_mock_der
                0x0000000000059cf4                isrg_root_x1_mock_der_len
                0x0000000000059d00                isrg_root_x1_mock_der
                0x000000000005a03c                vyro_root_ca_rsa_der_len
                0x000000000005a040                vyro_root_ca_rsa_der
 .data          0x000000000005a379        0x0 build/tunes.o
 .data          0x000000000005a379        0x0 build/rsa_pss.o
 .data          0x000000000005a379        0x0 build/hal_x86_64.o
 .data          0x000000000005a379        0x0 build/acpi.o
 .data          0x000000000005a379        0x0 build/ahci.o
 .data          0x000000000005a379        0x0 build/e1000.o
 .data          0x000000000005a379        0x2 build/nvme.o
 .data          0x000000000005a37b        0x0 build/http.o
 .data          0x000000000005a37b        0x2 build/xhci.o
 .data          0x000000000005a37d        0x0 build/ata.o
 .data          0x000000000005a37d        0x0 build/usb.o
 .data          0x000000000005a37d        0x0 build/speaker.o
 *fill*         0x000000000005a37d        0x3 
 .data          0x000000000005a380        0x8 build/mouse.o
 .data          0x000000000005a388       0x1c build/gui.o
 .data          0x000000000005a3a4        0x0 build/sha256.o
 .data          0x000000000005a3a4        0x4 build/security.o
 *fill*         0x000000000005a3a8       0x18 
 .data          0x000000000005a3c0      0x400 build/pkg.o
 .data          0x000000000005a7c0        0x0 build/smp.o
 .data          0x000000000005a7c0        0x0 build/power.o
 .data          0x000000000005a7c0        0x0 build/klog.o
 .data          0x000000000005a7c0        0x0 build/html.o
 .data          0x000000000005a7c0        0x0 build/theme.o
 .data          0x000000000005a7c0       0x10 build/compositor.o
 .data          0x000000000005a7d0        0x0 build/icons.o
 .data          0x000000000005a7d0        0x0 build/notify.o
 .data          0x000000000005a7d0        0x0 build/widgets.o
 .data          0x000000000005a7d0        0x0 build/app.o
 .data          0x000000000005a7d0       0x14 build/app_settings.o
 .data          0x000000000005a7e4        0x4 build/app_files.o
 .data          0x000000000005a7e8        0x4 build/app_terminal.o
 .data          0x000000000005a7ec        0x4 build/app_textedit.o
 .data          0x000000000005a7f0        0x0 build/app_calc.o
 .data          0x000000000005a7f0        0x0 build/app_clock.o
 .data          0x000000000005a7f0        0x0 build/app_taskmgr.o
 .data          0x000000000005a7f0        0x0 build/app_launcher.o
 .data          0x000000000005a7f0        0x0 build/app_notecenter.o
 .data          0x000000000005a7f0       0x18 build/app_control.o
 *fill*         0x000000000005a808       0x18 
 .data          0x000000000005a820       0xa0 build/app_browser.o
 .data          0x000000000005a8c0        0x0 build/app_pkgstore.o
 .data          0x000000000005a8c0        0x0 build/app_notes.o
 .data          0x000000000005a8c0        0x0 build/app_calendar.o
 .data          0x000000000005a8c0        0x4 build/app_network.o
 .data          0x000000000005a8c4        0x0 build/app_disk.o
 .data          0x000000000005a8c4        0x0 build/apps_reg.o
 .data          0x000000000005a8c4        0x4 build/sockets.o
 .data          0x000000000005a8c8        0xd build/dhcp.o
 .data          0x000000000005a8d5        0x0 build/dns.o
 .data          0x000000000005a8d5        0x0 build/ipc.o
 .data          0x000000000005a8d5        0x0 build/widgets_panel.o
 .data          0x000000000005a8d5        0x0 build/ctxmenu.o
 .data          0x000000000005a8d5        0x0 build/rtl8139.o
 .data          0x000000000005a8d5        0x6 build/net_io.o
 .data          0x000000000005a8db        0x0 build/dhcp_real.o
 *fill*         0x000000000005a8db        0x1 
 .data          0x000000000005a8dc        0x2 build/dns_real.o
                0x0000000000100000                . = 0x100000

.bss            0x0000000000100000    0x7e1e8
                0x0000000000100000                __bss_start = .
 *(COMMON)
 *(.bss)
 .bss           0x0000000000100000        0x0 build/kernel.o
 .bss           0x0000000000100000     0x1020 build/idt.o
 .bss           0x0000000000101020       0x80 build/isr.o
 .bss           0x00000000001010a0     0x3002 build/screen.o
 *fill*         0x00000000001040a2        0x6 
 .bss           0x00000000001040a8       0x10 build/framebuffer.o
 .bss           0x00000000001040b8        0x0 build/pic.o
 *fill*         0x00000000001040b8        0x8 
 .bss           0x00000000001040c0      0x120 build/keyboard.o
 .bss           0x00000000001041e0    0x1eb40 build/shell.o
 .bss           0x0000000000122d20        0x4 build/pmm.o
 *fill*         0x0000000000122d24        0x4 
 .bss           0x0000000000122d28       0x10 build/heap.o
 .bss           0x0000000000122d38        0x8 build/timer.o
 .bss           0x0000000000122d40        0x0 build/rtc.o
 .bss           0x0000000000122d40        0x8 build/vfs.o
 *fill*         0x0000000000122d48       0x18 
 .bss           0x0000000000122d60       0x78 build/task.o
 .bss           0x0000000000122dd8        0x8 build/syscall.o
 .bss           0x0000000000122de0     0x40d8 build/gdt.o
 .bss           0x0000000000126eb8        0x8 build/usermode.o
                0x0000000000126eb8                saved_kernel_rsp
 .bss           0x0000000000126ec0        0x0 build/elf.o
 .bss           0x0000000000126ec0        0x0 build/user_init.o
 .bss           0x0000000000126ec0        0x0 build/user_hello.o
 .bss           0x0000000000126ec0      0x2a0 build/pci.o
 .bss           0x0000000000127160        0x0 build/net.o
 .bss           0x0000000000127160       0x58 build/arp.o
 *fill*         0x00000000001271b8        0x8 
 .bss           0x00000000001271c0      0xe00 build/udp.o
 .bss           0x0000000000127fc0     0xa8a0 build/tcp.o
 .bss           0x0000000000132860        0x0 build/net_pump.o
 .bss           0x0000000000132860        0x0 build/chacha20.o
 .bss           0x0000000000132860        0x0 build/poly1305.o
 .bss           0x0000000000132860     0x8000 build/aead.o
 .bss           0x000000000013a860        0x0 build/x509.o
 .bss           0x000000000013a860        0x0 build/x509_testvec.o
 .bss           0x000000000013a860     0x6000 build/hkdf.o
 .bss           0x0000000000140860        0x0 build/x25519.o
 .bss           0x0000000000140860     0xd140 build/tls.o
 .bss           0x000000000014d9a0       0x18 build/sched.o
 .bss           0x000000000014d9b8       0x18 build/fat32.o
 *fill*         0x000000000014d9d0       0x10 
 .bss           0x000000000014d9e0      0x620 build/memmap.o
 .bss           0x000000000014e000      0x320 build/block.o
 .bss           0x000000000014e320       0xe0 build/parttab.o
 *fill*         0x000000000014e400      0xc00 
 .bss           0x000000000014f000     0x5000 build/lba_xlate.o
                0x000000000014f000                lba_xlate_native_write
                0x000000000014f008                lba_xlate_native_read
 .bss           0x0000000000154000       0x10 build/lapic.o
 *fill*         0x0000000000154010       0x10 
 .bss           0x0000000000154020       0xa0 build/csprng.o
 .bss           0x00000000001540c0      0x120 build/smp_boot.o
 .bss           0x00000000001541e0        0x0 build/smp_trampoline_blob.o
 .bss           0x00000000001541e0        0x0 build/bignum.o
 .bss           0x00000000001541e0        0x0 build/rsa.o
 .bss           0x00000000001541e0        0x0 build/ecdsa.o
 .bss           0x00000000001541e0     0x7da0 build/trust.o
 .bss           0x000000000015bf80        0x1 build/wallpaper.o
 .bss           0x000000000015bf81        0x0 build/widgets_desktop.o
 *fill*         0x000000000015bf81       0x1f 
 .bss           0x000000000015bfa0      0x200 build/bignum_4k.o
 .bss           0x000000000015c1a0      0x6b0 build/ipv6.o
 .bss           0x000000000015c850        0x0 build/trust_anchors.o
 .bss           0x000000000015c850        0x0 build/tunes.o
 *fill*         0x000000000015c850       0x10 
 .bss           0x000000000015c860      0x600 build/rsa_pss.o
 .bss           0x000000000015ce60        0x0 build/hal_x86_64.o
 .bss           0x000000000015ce60      0x120 build/acpi.o
 *fill*         0x000000000015cf80       0x80 
 .bss           0x000000000015d000     0x5828 build/ahci.o
 *fill*         0x0000000000162828       0x18 
 .bss           0x0000000000162840       0x20 build/e1000.o
 *fill*         0x0000000000162860      0x7a0 
 .bss           0x0000000000163000     0x6278 build/nvme.o
 *fill*         0x0000000000169278        0x8 
 .bss           0x0000000000169280      0x400 build/http.o
 .bss           0x0000000000169680       0x70 build/xhci.o
 .bss           0x00000000001696f0        0x0 build/ata.o
 .bss           0x00000000001696f0        0x8 build/usb.o
 .bss           0x00000000001696f8        0x0 build/speaker.o
 .bss           0x00000000001696f8        0x5 build/mouse.o
 *fill*         0x00000000001696fd        0x3 
 .bss           0x0000000000169700      0x340 build/gui.o
 .bss           0x0000000000169a40        0x0 build/sha256.o
 .bss           0x0000000000169a40      0x280 build/security.o
 .bss           0x0000000000169cc0        0x0 build/pkg.o
 .bss           0x0000000000169cc0       0x40 build/smp.o
 .bss           0x0000000000169d00        0x0 build/power.o
 .bss           0x0000000000169d00     0x2820 build/klog.o
 .bss           0x000000000016c520       0x14 build/html.o
 *fill*         0x000000000016c534        0xc 
 .bss           0x000000000016c540       0x48 build/theme.o
 .bss           0x000000000016c588       0x10 build/compositor.o
 .bss           0x000000000016c598        0x0 build/icons.o
 *fill*         0x000000000016c598        0x8 
 .bss           0x000000000016c5a0     0x16a0 build/notify.o
 .bss           0x000000000016dc40        0x0 build/widgets.o
 .bss           0x000000000016dc40       0xa0 build/app.o
 .bss           0x000000000016dce0        0x8 build/app_settings.o
 .bss           0x000000000016dce8       0x10 build/app_files.o
 *fill*         0x000000000016dcf8        0x8 
 .bss           0x000000000016dd00     0x1a40 build/app_terminal.o
 .bss           0x000000000016f740     0x1020 build/app_textedit.o
 .bss           0x0000000000170760      0x100 build/app_calc.o
 .bss           0x0000000000170860       0x18 build/app_clock.o
 .bss           0x0000000000170878        0x4 build/app_taskmgr.o
 *fill*         0x000000000017087c        0x4 
 .bss           0x0000000000170880        0x8 build/app_launcher.o
 .bss           0x0000000000170888        0x0 build/app_notecenter.o
 .bss           0x0000000000170888        0x8 build/app_control.o
 *fill*         0x0000000000170890       0x10 
 .bss           0x00000000001708a0      0x2b0 build/app_browser.o
 *fill*         0x0000000000170b50       0x10 
 .bss           0x0000000000170b60       0x48 build/app_pkgstore.o
 *fill*         0x0000000000170ba8       0x18 
 .bss           0x0000000000170bc0     0x11a0 build/app_notes.o
 .bss           0x0000000000171d60       0x10 build/app_calendar.o
 .bss           0x0000000000171d70        0x8 build/app_network.o
 .bss           0x0000000000171d78        0x4 build/app_disk.o
 .bss           0x0000000000171d7c        0x0 build/apps_reg.o
 *fill*         0x0000000000171d7c        0x4 
 .bss           0x0000000000171d80      0x500 build/sockets.o
 .bss           0x0000000000172280        0x0 build/dhcp.o
 .bss           0x0000000000172280        0x0 build/dns.o
 .bss           0x0000000000172280     0x5120 build/ipc.o
 .bss           0x00000000001773a0        0x0 build/widgets_panel.o
 .bss           0x00000000001773a0        0x0 build/ctxmenu.o
 .bss           0x00000000001773a0       0x58 build/rtl8139.o
 *fill*         0x00000000001773f8        0x8 
 .bss           0x0000000000177400     0x6ba0 build/net_io.o
 .bss           0x000000000017dfa0      0x140 build/dhcp_real.o
 .bss           0x000000000017e0e0      0x108 build/dns_real.o
                0x000000000017e1e8                __bss_end = .
LOAD build/kernel_entry.o
LOAD build/isr_stubs.o
LOAD build/kernel.o
LOAD build/idt.o
LOAD build/isr.o
LOAD build/screen.o
LOAD build/framebuffer.o
LOAD build/pic.o
LOAD build/keyboard.o
LOAD build/shell.o
LOAD build/pmm.o
LOAD build/heap.o
LOAD build/timer.o
LOAD build/rtc.o
LOAD build/vfs.o
LOAD build/switch.o
LOAD build/task.o
LOAD build/syscall.o
LOAD build/gdt.o
LOAD build/gdt_flush.o
LOAD build/usermode.o
LOAD build/elf.o
LOAD build/user_init.o
LOAD build/user_hello.o
LOAD build/pci.o
LOAD build/net.o
LOAD build/arp.o
LOAD build/udp.o
LOAD build/tcp.o
LOAD build/net_pump.o
LOAD build/chacha20.o
LOAD build/poly1305.o
LOAD build/aead.o
LOAD build/x509.o
LOAD build/x509_testvec.o
LOAD build/hkdf.o
LOAD build/x25519.o
LOAD build/tls.o
LOAD build/sched.o
LOAD build/fat32.o
LOAD build/memmap.o
LOAD build/block.o
LOAD build/parttab.o
LOAD build/lba_xlate.o
LOAD build/lapic.o
LOAD build/csprng.o
LOAD build/smp_boot.o
LOAD build/smp_trampoline_blob.o
LOAD build/bignum.o
LOAD build/rsa.o
LOAD build/ecdsa.o
LOAD build/trust.o
LOAD build/wallpaper.o
LOAD build/widgets_desktop.o
LOAD build/bignum_4k.o
LOAD build/ipv6.o
LOAD build/trust_anchors.o
LOAD build/tunes.o
LOAD build/rsa_pss.o
LOAD build/hal_x86_64.o
LOAD build/acpi.o
LOAD build/ahci.o
LOAD build/e1000.o
LOAD build/nvme.o
LOAD build/http.o
LOAD build/xhci.o
LOAD build/ata.o
LOAD build/usb.o
LOAD build/speaker.o
LOAD build/mouse.o
LOAD build/gui.o
LOAD build/sha256.o
LOAD build/security.o
LOAD build/pkg.o
LOAD build/smp.o
LOAD build/power.o
LOAD build/klog.o
LOAD build/html.o
LOAD build/theme.o
LOAD build/compositor.o
LOAD build/icons.o
LOAD build/notify.o
LOAD build/widgets.o
LOAD build/app.o
LOAD build/app_settings.o
LOAD build/app_files.o
LOAD build/app_terminal.o
LOAD build/app_textedit.o
LOAD build/app_calc.o
LOAD build/app_clock.o
LOAD build/app_taskmgr.o
LOAD build/app_launcher.o
LOAD build/app_notecenter.o
LOAD build/app_control.o
LOAD build/app_browser.o
LOAD build/app_pkgstore.o
LOAD build/app_notes.o
LOAD build/app_calendar.o
LOAD build/app_network.o
LOAD build/app_disk.o
LOAD build/apps_reg.o
LOAD build/sockets.o
LOAD build/dhcp.o
LOAD build/dns.o
LOAD build/ipc.o
LOAD build/widgets_panel.o
LOAD build/ctxmenu.o
LOAD build/rtl8139.o
LOAD build/net_io.o
LOAD build/dhcp_real.o
LOAD build/dns_real.o
OUTPUT(build/kernel.bin binary)

.comment        0x0000000000000000      0x7de
 .comment       0x0000000000000000       0x13 build/kernel.o
 .comment       0x0000000000000013       0x13 build/idt.o
 .comment       0x0000000000000026       0x13 build/isr.o
 .comment       0x0000000000000039       0x13 build/screen.o
 .comment       0x000000000000004c       0x13 build/framebuffer.o
 .comment       0x000000000000005f       0x13 build/pic.o
 .comment       0x0000000000000072       0x13 build/keyboard.o
 .comment       0x0000000000000085       0x13 build/shell.o
 .comment       0x0000000000000098       0x13 build/pmm.o
 .comment       0x00000000000000ab       0x13 build/heap.o
 .comment       0x00000000000000be       0x13 build/timer.o
 .comment       0x00000000000000d1       0x13 build/rtc.o
 .comment       0x00000000000000e4       0x13 build/vfs.o
 .comment       0x00000000000000f7       0x13 build/task.o
 .comment       0x000000000000010a       0x13 build/syscall.o
 .comment       0x000000000000011d       0x13 build/gdt.o
 .comment       0x0000000000000130       0x13 build/elf.o
 .comment       0x0000000000000143       0x13 build/user_init.o
 .comment       0x0000000000000156       0x13 build/user_hello.o
 .comment       0x0000000000000169       0x13 build/pci.o
 .comment       0x000000000000017c       0x13 build/net.o
 .comment       0x000000000000018f       0x13 build/arp.o
 .comment       0x00000000000001a2       0x13 build/udp.o
 .comment       0x00000000000001b5       0x13 build/tcp.o
 .comment       0x00000000000001c8       0x13 build/net_pump.o
 .comment       0x00000000000001db       0x13 build/chacha20.o
 .comment       0x00000000000001ee       0x13 build/poly1305.o
 .comment       0x0000000000000201       0x13 build/aead.o
 .comment       0x0000000000000214       0x13 build/x509.o
 .comment       0x0000000000000227       0x13 build/x509_testvec.o
 .comment       0x000000000000023a       0x13 build/hkdf.o
 .comment       0x000000000000024d       0x13 build/x25519.o
 .comment       0x0000000000000260       0x13 build/tls.o
 .comment       0x0000000000000273       0x13 build/sched.o
 .comment       0x0000000000000286       0x13 build/fat32.o
 .comment       0x0000000000000299       0x13 build/memmap.o
 .comment       0x00000000000002ac       0x13 build/block.o
 .comment       0x00000000000002bf       0x13 build/parttab.o
 .comment       0x00000000000002d2       0x13 build/lba_xlate.o
 .comment       0x00000000000002e5       0x13 build/lapic.o
 .comment       0x00000000000002f8       0x13 build/csprng.o
 .comment       0x000000000000030b       0x13 build/smp_boot.o
 .comment       0x000000000000031e       0x13 build/smp_trampoline_blob.o
 .comment       0x0000000000000331       0x13 build/bignum.o
 .comment       0x0000000000000344       0x13 build/rsa.o
 .comment       0x0000000000000357       0x13 build/ecdsa.o
 .comment       0x000000000000036a       0x13 build/trust.o
 .comment       0x000000000000037d       0x13 build/wallpaper.o
 .comment       0x0000000000000390       0x13 build/widgets_desktop.o
 .comment       0x00000000000003a3       0x13 build/bignum_4k.o
 .comment       0x00000000000003b6       0x13 build/ipv6.o
 .comment       0x00000000000003c9       0x13 build/trust_anchors.o
 .comment       0x00000000000003dc       0x13 build/tunes.o
 .comment       0x00000000000003ef       0x13 build/rsa_pss.o
 .comment       0x0000000000000402       0x13 build/hal_x86_64.o
 .comment       0x0000000000000415       0x13 build/acpi.o
 .comment       0x0000000000000428       0x13 build/ahci.o
 .comment       0x000000000000043b       0x13 build/e1000.o
 .comment       0x000000000000044e       0x13 build/nvme.o
 .comment       0x0000000000000461       0x13 build/http.o
 .comment       0x0000000000000474       0x13 build/xhci.o
 .comment       0x0000000000000487       0x13 build/ata.o
 .comment       0x000000000000049a       0x13 build/usb.o
 .comment       0x00000000000004ad       0x13 build/speaker.o
 .comment       0x00000000000004c0       0x13 build/mouse.o
 .comment       0x00000000000004d3       0x13 build/gui.o
 .comment       0x00000000000004e6       0x13 build/sha256.o
 .comment       0x00000000000004f9       0x13 build/security.o
 .comment       0x000000000000050c       0x13 build/pkg.o
 .comment       0x000000000000051f       0x13 build/smp.o
 .comment       0x0000000000000532       0x13 build/power.o
 .comment       0x0000000000000545       0x13 build/klog.o
 .comment       0x0000000000000558       0x13 build/html.o
 .comment       0x000000000000056b       0x13 build/theme.o
 .comment       0x000000000000057e       0x13 build/compositor.o
 .comment       0x0000000000000591       0x13 build/icons.o
 .comment       0x00000000000005a4       0x13 build/notify.o
 .comment       0x00000000000005b7       0x13 build/widgets.o
 .comment       0x00000000000005ca       0x13 build/app.o
 .comment       0x00000000000005dd       0x13 build/app_settings.o
 .comment       0x00000000000005f0       0x13 build/app_files.o
 .comment       0x0000000000000603       0x13 build/app_terminal.o
 .comment       0x0000000000000616       0x13 build/app_textedit.o
 .comment       0x0000000000000629       0x13 build/app_calc.o
 .comment       0x000000000000063c       0x13 build/app_clock.o
 .comment       0x000000000000064f       0x13 build/app_taskmgr.o
 .comment       0x0000000000000662       0x13 build/app_launcher.o
 .comment       0x0000000000000675       0x13 build/app_notecenter.o
 .comment       0x0000000000000688       0x13 build/app_control.o
 .comment       0x000000000000069b       0x13 build/app_browser.o
 .comment       0x00000000000006ae       0x13 build/app_pkgstore.o
 .comment       0x00000000000006c1       0x13 build/app_notes.o
 .comment       0x00000000000006d4       0x13 build/app_calendar.o
 .comment       0x00000000000006e7       0x13 build/app_network.o
 .comment       0x00000000000006fa       0x13 build/app_disk.o
 .comment       0x000000000000070d       0x13 build/apps_reg.o
 .comment       0x0000000000000720       0x13 build/sockets.o
 .comment       0x0000000000000733       0x13 build/dhcp.o
 .comment       0x0000000000000746       0x13 build/dns.o
 .comment       0x0000000000000759       0x13 build/ipc.o
 .comment       0x000000000000076c       0x13 build/widgets_panel.o
 .comment       0x000000000000077f       0x13 build/ctxmenu.o
 .comment       0x0000000000000792       0x13 build/rtl8139.o
 .comment       0x00000000000007a5       0x13 build/net_io.o
 .comment       0x00000000000007b8       0x13 build/dhcp_real.o
 .comment       0x00000000000007cb       0x13 build/dns_real.o
